Collecting torch
  Downloading torch-2.8.0-cp39-none-macosx_11_0_arm64.whl.metadata (30 kB)
Collecting torchvision
  Downloading torchvision-0.23.0-cp39-cp39-macosx_11_0_arm64.whl.metadata (6.1 kB)
Collecting timm
  Downloading timm-1.0.28-py3-none-any.whl.metadata (40 kB)
Collecting Pillow
  Downloading pillow-11.3.0-cp39-cp39-macosx_11_0_arm64.whl.metadata (9.0 kB)
Collecting tabulate
  Downloading tabulate-0.9.0-py3-none-any.whl.metadata (34 kB)
Collecting termcolor
  Downloading termcolor-3.1.0-py3-none-any.whl.metadata (6.4 kB)
Collecting h5py
  Downloading h5py-3.14.0-cp39-cp39-macosx_11_0_arm64.whl.metadata (2.7 kB)
Collecting scipy
  Downloading scipy-1.13.1-cp39-cp39-macosx_12_0_arm64.whl.metadata (60 kB)
Collecting imageio
  Downloading imageio-2.37.2-py3-none-any.whl.metadata (9.7 kB)
Collecting ftfy
  Downloading ftfy-6.3.1-py3-none-any.whl.metadata (7.3 kB)
