Collecting torch
  Using cached torch-2.8.0-cp39-none-macosx_11_0_arm64.whl.metadata (30 kB)
Collecting torchvision
  Using cached torchvision-0.23.0-cp39-cp39-macosx_11_0_arm64.whl.metadata (6.1 kB)
Collecting timm
  Using cached timm-1.0.28-py3-none-any.whl.metadata (40 kB)
Collecting Pillow
  Using cached pillow-11.3.0-cp39-cp39-macosx_11_0_arm64.whl.metadata (9.0 kB)
Collecting tabulate
  Using cached tabulate-0.9.0-py3-none-any.whl.metadata (34 kB)
Collecting termcolor
  Using cached termcolor-3.1.0-py3-none-any.whl.metadata (6.4 kB)
Collecting h5py
  Using cached h5py-3.14.0-cp39-cp39-macosx_11_0_arm64.whl.metadata (2.7 kB)
Collecting scipy
  Using cached scipy-1.13.1-cp39-cp39-macosx_12_0_arm64.whl.metadata (60 kB)
Collecting imageio
  Using cached imageio-2.37.2-py3-none-any.whl.metadata (9.7 kB)
Collecting ftfy
  Using cached ftfy-6.3.1-py3-none-any.whl.metadata (7.3 kB)
Collecting regex
  Using cached regex-2026.1.15-cp39-cp39-macosx_11_0_arm64.whl.metadata (40 kB)
Requirement already satisfied: numpy in /Users/diyabangera/Library/Python/3.9/lib/python/site-packages (1.26.1)
Collecting filelock (from torch)
  Using cached filelock-3.19.1-py3-none-any.whl.metadata (2.1 kB)
Collecting typing-extensions>=4.10.0 (from torch)
  Using cached typing_extensions-4.16.0-py3-none-any.whl.metadata (3.3 kB)
Collecting sympy>=1.13.3 (from torch)
  Using cached sympy-1.14.0-py3-none-any.whl.metadata (12 kB)
Collecting networkx (from torch)
  Using cached networkx-3.2.1-py3-none-any.whl.metadata (5.2 kB)
Collecting jinja2 (from torch)
  Using cached jinja2-3.1.6-py3-none-any.whl.metadata (2.9 kB)
Collecting fsspec (from torch)
  Using cached fsspec-2025.10.0-py3-none-any.whl.metadata (10 kB)
Collecting pyyaml (from timm)
  Using cached pyyaml-6.0.3-cp39-cp39-macosx_11_0_arm64.whl.metadata (2.4 kB)
Collecting huggingface_hub (from timm)
  Using cached huggingface_hub-1.8.0-py3-none-any.whl.metadata (13 kB)
Collecting safetensors (from timm)
  Using cached safetensors-0.7.0-cp38-abi3-macosx_11_0_arm64.whl.metadata (4.1 kB)
Collecting wcwidth (from ftfy)
  Using cached wcwidth-0.8.2-py3-none-any.whl.metadata (43 kB)
Collecting mpmath<1.4,>=1.1.0 (from sympy>=1.13.3->torch)
  Using cached mpmath-1.3.0-py3-none-any.whl.metadata (8.6 kB)
Collecting hf-xet<2.0.0,>=1.4.2 (from huggingface_hub->timm)
  Using cached hf_xet-1.6.0-cp38-abi3-macosx_11_0_arm64.whl.metadata (4.9 kB)
Collecting httpx<1,>=0.23.0 (from huggingface_hub->timm)
  Using cached httpx-0.28.1-py3-none-any.whl.metadata (7.1 kB)
Collecting packaging>=20.9 (from huggingface_hub->timm)
  Using cached packaging-26.3-py3-none-any.whl.metadata (3.5 kB)
Collecting tqdm>=4.42.1 (from huggingface_hub->timm)
  Using cached tqdm-4.70.0-py3-none-any.whl.metadata (57 kB)
Collecting typer (from huggingface_hub->timm)
  Using cached typer-0.23.2-py3-none-any.whl.metadata (16 kB)
Collecting anyio (from httpx<1,>=0.23.0->huggingface_hub->timm)
  Using cached anyio-4.12.1-py3-none-any.whl.metadata (4.3 kB)
Collecting certifi (from httpx<1,>=0.23.0->huggingface_hub->timm)
  Using cached certifi-2026.7.22-py3-none-any.whl.metadata (2.5 kB)
Collecting httpcore==1.* (from httpx<1,>=0.23.0->huggingface_hub->timm)
  Using cached httpcore-1.0.9-py3-none-any.whl.metadata (21 kB)
Collecting idna (from httpx<1,>=0.23.0->huggingface_hub->timm)
  Using cached idna-3.19-py3-none-any.whl.metadata (9.2 kB)
Collecting h11>=0.16 (from httpcore==1.*->httpx<1,>=0.23.0->huggingface_hub->timm)
  Using cached h11-0.16.0-py3-none-any.whl.metadata (8.3 kB)
Collecting exceptiongroup>=1.0.2 (from anyio->httpx<1,>=0.23.0->huggingface_hub->timm)
  Using cached exceptiongroup-1.3.1-py3-none-any.whl.metadata (6.7 kB)
Collecting MarkupSafe>=2.0 (from jinja2->torch)
  Using cached markupsafe-3.0.3-cp39-cp39-macosx_11_0_arm64.whl.metadata (2.7 kB)
Collecting click>=8.0.0 (from typer->huggingface_hub->timm)
  Using cached click-8.1.8-py3-none-any.whl.metadata (2.3 kB)
Collecting shellingham>=1.3.0 (from typer->huggingface_hub->timm)
  Using cached shellingham-1.5.4-py2.py3-none-any.whl.metadata (3.5 kB)
Collecting rich>=12.3.0 (from typer->huggingface_hub->timm)
  Using cached rich-15.0.0-py3-none-any.whl.metadata (18 kB)
Collecting annotated-doc>=0.0.2 (from typer->huggingface_hub->timm)
  Using cached annotated_doc-0.0.5-py3-none-any.whl.metadata (6.5 kB)
Collecting markdown-it-py>=2.2.0 (from rich>=12.3.0->typer->huggingface_hub->timm)
  Using cached markdown_it_py-3.0.0-py3-none-any.whl.metadata (6.9 kB)
Collecting pygments<3.0.0,>=2.13.0 (from rich>=12.3.0->typer->huggingface_hub->timm)
  Using cached pygments-2.21.0-py3-none-any.whl.metadata (2.5 kB)
Collecting mdurl~=0.1 (from markdown-it-py>=2.2.0->rich>=12.3.0->typer->huggingface_hub->timm)
  Using cached mdurl-0.1.2-py3-none-any.whl.metadata (1.6 kB)
Downloading torch-2.8.0-cp39-none-macosx_11_0_arm64.whl (73.6 MB)
